<html>
<body>
<pre>
<h1>µVision Build Log</h1>
<h2>Project:</h2>
C:\STM32\PU_SP\SP.uvproj
Project File Date:  09/11/2015

<h2>Output:</h2>
Build target 'SP'
linking...
Program Size: Code=12740 RO-data=268 RW-data=188 ZI-data=1636  
FromELF: creating hex file...
".\SP.axf" - 0 Error(s), 0 Warning(s).
Load "C:\\STM32\\PU_SP\\SP.axf" 
Erase Done.
Programming Done.
Verify OK.
Application running ...
Internal command error
Load "C:\\STM32\\PU_SP\\SP.axf" 
Erase Done.
Programming Done.
Verify OK.
Application running ...
Internal command error
Load "C:\\STM32\\PU_SP\\SP.axf" 
Error: Flash Download failed  -  Target DLL has been cancelled
Load "C:\\STM32\\PU_SP\\SP.axf" 
Error: Flash Download failed  -  Target DLL has been cancelled
Load "C:\\STM32\\PU_SP\\SP.axf" 
Error: Flash Download failed  -  Target DLL has been cancelled
Load "C:\\STM32\\PU_SP\\SP.axf" 
Error: Flash Download failed  -  Target DLL has been cancelled
Load "C:\\STM32\\PU_SP\\SP.axf" 
Erase Done.
Programming Done.
Verify OK.
Application running ...
Internal command error
</pre>
</body>
</html>

