<html>
<body>
<pre>
<h1>µVision Build Log</h1>
<h2>Project:</h2>
C:\STM32\NPort\STM32F103xG\STM32F103xG.uvproj
Project File Date:  08/26/2015

<h2>Output:</h2>
Rebuild target 'STM32'
assembling startup_stm32f10x_xl.s...
compiling main.c...
compiling Delay.c...
compiling misc.c...
compiling stm32f10x_adc.c...
compiling stm32f10x_bkp.c...
compiling stm32f10x_can.c...
compiling stm32f10x_cec.c...
compiling stm32f10x_crc.c...
compiling stm32f10x_dac.c...
compiling stm32f10x_dbgmcu.c...
compiling stm32f10x_dma.c...
compiling stm32f10x_exti.c...
compiling stm32f10x_flash.c...
compiling stm32f10x_fsmc.c...
compiling stm32f10x_gpio.c...
compiling stm32f10x_i2c.c...
compiling stm32f10x_iwdg.c...
compiling stm32f10x_pwr.c...
compiling stm32f10x_rcc.c...
compiling stm32f10x_rtc.c...
compiling stm32f10x_sdio.c...
compiling stm32f10x_spi.c...
compiling stm32f10x_tim.c...
compiling stm32f10x_usart.c...
compiling stm32f10x_wwdg.c...
compiling core_cm3.c...
compiling system_stm32f10x.c...
compiling socket.c...
compiling wizchip_conf.c...
compiling w5500.c...
compiling w5200.c...
compiling spiHandler.c...
compiling uartHandler.c...
compiling Profibus.c...
linking...
Program Size: Code=13456 RO-data=368 RW-data=148 ZI-data=3940  
FromELF: creating hex file...
".\Libraries\STM32F10x_StdPeriph_Driver\src\STM32F103xG.axf" - 0 Error(s), 0 Warning(s).
</pre>
</body>
</html>
M32F103xG\\Libraries\\STM32F10x_StdPeriph_Driver\\src\\STM32F103xG.axf" 
Erase Done.
Programming Done.
Verify OK.
Application running ...
Full Chip Erase Done.
